# OTHER
2ip.ua
onlinesim.io
adguard.com
habr.com
kemono.party
kemono.cc
kemono.su
forum.overclockers.ua
ntc.party
proton.me

# OpenAI - chatgpt
openai.com
chat.openai.com
chatgpt.com
oaistatic.com
cdn.oaistatic.com
oaiusercontent.com
platform.openai.com
ios.chat.openai.com

# Nvidia
geforcenow.com
gfn.am

# VPN service
vpnlove.me
redshieldvpn.com
psiphon.ca
www.vpngate.net
mullvad.net
censortracker.org
prostovpn.org
vpngen.org
amnezia.org
cyberghostvpn.com
getoutline.org
vpnpay.io
protonvpn.com

# Discord
dis.gd 
discord.co 
discord.com 
discord.design 
discord.dev 
discord.gg 
discord.gift 
discord.gifts 
discord.media 
discord.new 
discord.store 
discord.tools 
discordapp.com 
discordapp.net 
discordmerch.com 
discordpartygames.com 
discord-activities.com 
discordactivities.com 
discordsays.com
discord-attachments-uploads-prd.storage.googleapis.com

# Netflix
nflxvideo.net
nflxext.com
nflximg.net

# Porn
xvideos.com
hqporner.com
attachments.f95zone.to
reddxxx.com
redgifs.com
xv-ru.com
pornhub.com
phncdn.com
playboy.com
multporn.net
rule34.art
hentai-foundry.com
nhentai.com

# Tik-tok
byteoversea.com
ibytedtos.com
muscdn.com
musical.ly
tik-tokapi.com
tiktok.com
tiktokcdn-us.com
tiktokcdn-eu.com
tiktokcdn.com
tiktokd.net
tiktokd.org
tiktokv.com
tiktokv.us
tiktokw.us
ttwstatic.com

# A-GPS
xtracloud.net
glpals.com
gpsonextra.net

# News. From: https://ru.m.wikipedia.org/wiki/%D0%A1%D0%BF%D0%B8%D1%81%D0%BE%D0%BA_%D0%B7%D0%B0%D0%B1%D0%BB%D0%BE%D0%BA%D0%B8%D1%80%D0%BE%D0%B2%D0%B0%D0%BD%D0%BD%D1%8B%D1%85_%D0%B2_%D0%A0%D0%BE%D1%81%D1%81%D0%B8%D0%B8_%D0%A1%D0%9C%D0%98
ovd.news
ovd.info
ovdinfo.org
ovd.legal
oi.legal
grani.ru
ej.ru
www.kasparov.ru
blackseanews.net
www.rbc.ua
sputnikipogrom.com
thebarentsobserver.com
mbk-news.appspot.com
openmedia.io
proekt.media
korrespondent.net
ua.korrespondent.net
kor.ill.in.ua
ui.ill.in.ua
csskor.ill.in.ua
jskor.ill.in.ua
www.currenttime.tv
gdb.currenttime.tv
www.pravda.com.ua
newtimes.ru
krymr.com
ru.krymr.com
gdb.rferl.org
www.unian.ua
doxa.team
hromadske.ua
tvrain.ru
tayga.info
strana.news
strana.today
www.the-village.ru
www.kavkazr.com
www.svoboda.org
www.bbc.com
freemedia.io
www.dw.com
www.idelreal.org
www.voanews.com
www.severreal.org
www.sibreal.org
meduza.io
semnasem.org
vot-tak.tv
www.agents.media
zona.media
sobesednik.com
www.ekhokavkaza.com
activatica.org
www.slavicsac.com
republic.ru
www.zerkalo.io
istories.media
static.istories.media
important-stories.com
thetruestory.news
www.colta.ru
paperpaper.ru
paperpaper.io
www.vesty.co.il
9tv.co.il
euroradio.fm
www.kavkaz-uzel.eu
bellingcat.com
ru.bellingcat.com
postimees.ee
svtv.org
mediazona.ca
euronews.com
news.google.com
www.azathabar.com
rus.azathabar.com
www.dovod.online
fortanga.org
www.azattyq.org
rus.azattyq.org
www.ozodi.org
rus.ozodi.org
itsmycity.ru
www.newsru.com
www.newsru.co.il
cursorinfo.co.il
mignews.com
zahav.ru
rus.delfi.lv
rus.delfi.lt
www.delfi.lt
discours.io
www.wonderzine.com
lamcdn.net
holod.media
is.fi
novayagazeta.eu
rus.delfi.ee
germania.one
usa.one
interfax.com.ua
portal.lviv.ua
rus.jauns.lv
www.cyxymu.info
realist.online
telegraf.by
telegraf.news
bihus.info
suspilne.media
www.yle.fi
www.hs.fi
graty.me
merezha.co
svoi.kr.ua
root-nation.com
verstka.media
locals.md
www.pap.pl
skat.media
www.welt.de
theins.ru
api.theins.ru
api.theins.info
roar-review.com
novaya.no
posle.media
cherta.media
sakhalin.info
i.sakh.com
echofm.online
patriot.dp.ua
spektr.press
metla.press
opposition-news.com
novayagazeta.ru
provereno.media
rezonans.media
tvrain.tv
atn.ua
expres.online
7dniv.rv.ua
tvfreedom.io
politiken.dk
thebell.io
arbat.media
svidomi.in.ua
vesma.one
vesma.today
sakharovfoundation.org
eutrp.eu
fonge.org
radiosakharov.org
kolsar.org
prosleduetmedia.com
kovcheg.live
r4.err.ee
24.kg
polit.ru
fn-volga.ru
