#YOUTUBE
youtube.com
googlevideo.com
youtu.be
yt.be
ytimg.com
ggpht.com
gvt1.com
youtube.googleapis.com
youtubeembeddedplayer.googleapis.com
youtubei.googleapis.com
i.ytimg.com
yt3.ggpht.com
yt4.ggpht.com
ytimg.l.google.com
nhacmp3youtube.com
jnn-pa.googleapis.com
youtube-nocookie.com
youtube-ui.l.google.com
yt-video-upload.l.google.com
wide-youtube.l.google.com
studio.youtube.com
youtubekids.com
googleapis.com

#OTHER
2ip.io
hdrezka.ag
hdrezka.me
hdrezka.tv
hdrezka.cc
rezka.cc
hd-rezka.cc
pornolab.net
rutracker.org
rutracker.cc
static.rutracker.cc
tapochek.net
nnmclub.to
nnmstatic.win
rustorka.com
kinozal.tv
rutor.info
cdnbunny.org
simsms.org
hdrezka.es

#META
instagram.com  
cdn.instagram.com  
static.cdninstagram.com  
instagram.c10r.facebook.com  
abs.twimg.com  
api.twitter.com  
cdn.syndication.twimg.com  
platform.twitter.com  
tweetdeck.twitter.com  
twitter.com  
twitter.freshdesk.com  
twimg.com  
mobile.twitter.com  
abs-0.twimg.com  
abs-zero.twimg.com  
ads-twitter.com  
x.com  
t.co  
twitter.biz  
twitter.jp  
twittercommunity.com  
twitterflightschool.com  
twitterinc.com  
twitteroauth.com  
twitterstat.us  
twtrdns.net  
twttr.com  
twttr.net  
video.twimg.com  
facebook.com  
fbcdn.net  
fbsbx.com  
connect.facebook.net  
graph.facebook.com  
achat-followers-instagram.com  
acheter-followers-instagram.com  
acheterdesfollowersinstagram.com  
acheterfollowersinstagram.com  
bookstagram.com  
carstagram.com  
chickstagram.com  
ig.me  
igcdn.com  
igsonar.com  
igtv.com  
imstagram.com  
imtagram.com  
instaadder.com  
instachecker.com  
instafallow.com  
instafollower.com  
instagainer.com  
instagda.com  
instagify.com  
instagmania.com  
instagor.com  
instagram-brand.com  
instagram-engineering.com  
instagram-help.com  
instagram-press.com  
instagram-press.net  
instagramci.com  
instagramcn.com  
instagramdi.com  
instagramhashtags.net  
instagramhilecim.com  
instagramhilesi.org  
instagramium.com  
instagramizlenme.com  
instagramkusu.com  
instagramlogin.com  
instagramm.com  
instagramn.com  
instagrampartners.com  
instagramphoto.com  
instagramq.com  
instagramsepeti.com  
instagramtakipcisatinal.net  
instagramtakiphilesi.com  
instagramtips.com  
instagramtr.com  
instagran.com  
instagranm.com  
instagrem.com  
instagrm.com  
instagtram.com  
instagy.com  
instamgram.com  
instangram.com  
instanttelegram.com  
instaplayer.net  
instastyle.tv  
instgram.com  
intagram.com  
intagrm.com  
intgram.com  
kingstagram.com  
lnstagram-help.com  
theinstagramhack.com  
oninstagram.com  
online-instagram.com  
onlineinstagram.com  
web-instagram.net 
